// Jest Snapshot v1, https://goo.gl/fbAQLP

exports[`<Header /> should render correctly 1`] = `
<section
  class="site-header flexslider classic overlay main-overlay grey"
>
  <div
    style="display: block; overflow: hidden; position: absolute; top: 0px; left: 0px; bottom: 0px; right: 0px; box-sizing: border-box; margin: 0px;"
  >
    <img
      decoding="async"
      src="data:image/gif;base64,R0lGODlhAQABAIAAAAAAAP///yH5BAEAAAAALAAAAAABAAEAAAIBRAA7"
      style="visibility: hidden; position: absolute; top: 0px; left: 0px; bottom: 0px; right: 0px; box-sizing: border-box; padding: 0px; margin: auto; display: block; width: 0px; height: 0px; min-width: 100%; max-width: 100%; min-height: 100%; max-height: 100%;"
    />
  </div>
  <div
    class="header-classic wrapper-table"
  >
    <div
      class="valign-center"
    >
      <div
        class="container"
      >
        <div
          class="col-md-10 col-md-offset-1"
        >
          <div
            class="intro text-left"
            style="color: rgb(255, 255, 255);"
          >
            <h1>
              <span
                class="typedString"
              >
                <span />
                <span
                  class="typed-cursor"
                >
                  |
                </span>
              </span>
            </h1>
            <p
              class="subtitle"
            >
              With Vets Who Code.
            </p>
            <div
              class="btn-cal-group"
            >
              <a
                class="btn btn-charity-default"
                href="/apply"
              >
                Apply
              </a>
              Â 
              <a
                class="btn btn-charity-default"
                href="/donate"
              >
                Donate
              </a>
            </div>
          </div>
        </div>
      </div>
    </div>
  </div>
</section>
`;
