// Jest Snapshot v1, https://goo.gl/fbAQLP

exports[`<Nav /> should render correctly 1`] = `
<nav
  class="navbar navbar-fixed-top main-navigation"
  id="fixedTopNav"
  itemtype="https://schema.org/SiteNavigationElement"
  role="navigation"
>
  <div
    class="container"
  >
    <div
      class="navbar-header"
    >
      <button
        aria-expanded="false"
        class="navbar-toggle collapsed"
        type="button"
      >
         
        <span
          class="sr-only"
        >
          #VetsWhoCode
        </span>
         
        <span
          class="ion-drag"
        />
      </button>
      <div
        class="navbar-brand"
        itemtype="https://schema.org/Organization"
      >
         
        <span
          class="sr-only"
        >
          #VetsWhoCode
        </span>
        <a
          aria-current="page"
          class=""
          href="/"
        >
          <img
            alt="#VetsWhoCode Logo"
            class="logo_holder"
            src="image-mock"
          />
        </a>
      </div>
    </div>
    <div
      aria-expanded="false"
      class="navbar-collapse collapse "
      id="main-nav-collapse"
    >
      <ul
        class="nav navbar-nav navbar-right"
        role="menu"
      >
        <li>
           
          <a
            aria-current="page"
            class=""
            href="/"
          >
            <span>
              Home
            </span>
          </a>
        </li>
        <li>
           
          <a
            href="/about"
          >
            <span>
              About
            </span>
          </a>
        </li>
        <li>
           
          <a
            href="/syllabus"
          >
            <span>
              Syllabus
            </span>
          </a>
        </li>
        <li>
           
          <a
            href="/mentor"
          >
            <span>
              Mentor
            </span>
          </a>
        </li>
        <li>
           
          <a
            href="/apply"
          >
            <span>
              Apply
            </span>
          </a>
        </li>
        <li>
           
          <a
            href="/donate"
          >
            <span>
              Donate
            </span>
          </a>
        </li>
        <li>
           
          <a
            href="/contact"
          >
            <span>
              Contact Us
            </span>
          </a>
        </li>
        <li>
           
          <a
            href="/blog"
          >
            <span>
              Blog
            </span>
          </a>
        </li>
      </ul>
    </div>
  </div>
</nav>
`;
